\BOOKMARK [1][-]{section.1}{\376\377\000I\000n\000t\000r\000o\000d\000u\000z\000i\000o\000n\000e}{}% 1
\BOOKMARK [1][-]{section.2}{\376\377\000P\000a\000n\000o\000r\000a\000m\000i\000c\000a\000\040\000d\000e\000i\000\040\000f\000i\000l\000e}{}% 2
\BOOKMARK [1][-]{section.3}{\376\377\000M\000o\000d\000i\000f\000i\000c\000h\000e\000\040\000r\000i\000s\000p\000e\000t\000t\000o\000\040\000a\000l\000\040\000D\000C\000P\000\040\000o\000r\000i\000g\000i\000n\000a\000l\000e}{}% 3
\BOOKMARK [1][-]{section.4}{\376\377\000F\000i\000l\000e\000\040\000u\000t\000i\000l\000.\000p\000y}{}% 4
\BOOKMARK [2][-]{subsection.4.1}{\376\377\000F\000u\000n\000z\000i\000o\000n\000i}{section.4}% 5
\BOOKMARK [1][-]{section.5}{\376\377\000F\000i\000l\000e\000\040\000m\000o\000d\000e\000l\000.\000p\000y}{}% 6
\BOOKMARK [2][-]{subsection.5.1}{\376\377\000F\000u\000n\000z\000i\000o\000n\000i\000\040\000d\000i\000\040\000s\000u\000p\000p\000o\000r\000t\000o}{section.5}% 7
\BOOKMARK [2][-]{subsection.5.2}{\376\377\000C\000l\000a\000s\000s\000i}{section.5}% 8
\BOOKMARK [1][-]{section.6}{\376\377\000F\000i\000l\000e\000\040\000c\000o\000r\000r\000e\000s\000p\000o\000n\000d\000e\000n\000c\000e\000\137\000l\000o\000s\000s\000.\000p\000y}{}% 9
\BOOKMARK [1][-]{section.7}{\376\377\000F\000i\000l\000e\000\040\000p\000h\000a\000n\000t\000o\000m\000\137\000d\000a\000t\000a\000.\000p\000y}{}% 10
\BOOKMARK [2][-]{subsection.7.1}{\376\377\000E\000c\000c\000e\000z\000i\000o\000n\000i}{section.7}% 11
\BOOKMARK [2][-]{subsection.7.2}{\376\377\000F\000u\000n\000z\000i\000o\000n\000i}{section.7}% 12
\BOOKMARK [2][-]{subsection.7.3}{\376\377\000C\000l\000a\000s\000s\000e\000\040\000P\000h\000a\000n\000t\000o\000m\000D\000a\000t\000a\000s\000e\000t}{section.7}% 13
\BOOKMARK [1][-]{section.8}{\376\377\000F\000i\000l\000e\000\040\000t\000r\000a\000i\000n\000.\000p\000y}{}% 14
\BOOKMARK [2][-]{subsection.8.1}{\376\377\000F\000u\000n\000z\000i\000o\000n\000i}{section.8}% 15
\BOOKMARK [1][-]{section.9}{\376\377\000F\000i\000l\000e\000\040\000e\000v\000a\000l\000u\000a\000t\000e\000.\000p\000y}{}% 16
\BOOKMARK [2][-]{subsection.9.1}{\376\377\000C\000l\000a\000s\000s\000e\000\040\000I\000O\000S\000t\000r\000e\000a\000m}{section.9}% 17
\BOOKMARK [2][-]{subsection.9.2}{\376\377\000F\000u\000n\000z\000i\000o\000n\000i}{section.9}% 18
\BOOKMARK [1][-]{section.10}{\376\377\000F\000i\000l\000e\000\040\000t\000e\000s\000t\000\137\000c\000o\000r\000r\000e\000s\000p\000o\000n\000d\000e\000n\000c\000e\000.\000p\000y}{}% 19
\BOOKMARK [1][-]{section.11}{\376\377\000F\000i\000l\000e\000\040\000u\000n\000i\000f\000y\000.\000p\000y}{}% 20
